[INFO] Scanning for projects...
[INFO] 
[INFO] -----------------< pl.matkmiec.backup:backup-service >------------------
[INFO] Building backup-service 0.0.1-SNAPSHOT
[INFO]   from pom.xml
[INFO] --------------------------------[ jar ]---------------------------------
[INFO] 
[INFO] --- clean:3.4.1:clean (default-clean) @ backup-service ---
[INFO] Deleting C:\Users\mat-k\Desktop\Projekty\Java Project\safe-backup-project\backend\target
[INFO] 
[INFO] --- resources:3.3.1:resources (default-resources) @ backup-service ---
[INFO] Copying 1 resource from src\main\resources to target\classes
[INFO] Copying 2 resources from src\main\resources to target\classes
[INFO] 
[INFO] --- compiler:3.14.1:compile (default-compile) @ backup-service ---
[INFO] Recompiling the module because of changed source code.
[INFO] Compiling 30 source files with javac [debug parameters release 21] to target\classes
[INFO] 
[INFO] --- resources:3.3.1:testResources (default-testResources) @ backup-service ---
[INFO] Copying 1 resource from src\test\resources to target\test-classes
[INFO] 
[INFO] --- compiler:3.14.1:testCompile (default-testCompile) @ backup-service ---
[INFO] Recompiling the module because of changed dependency.
[INFO] Compiling 9 source files with javac [debug parameters release 21] to target\test-classes
[WARNING] /C:/Users/mat-k/Desktop/Projekty/Java Project/safe-backup-project/backend/src/test/java/pl/matkmiec/backup/controller/AuthControllerTest.java:[35,6] org.springframework.boot.test.mock.mockito.MockBean in org.springframework.boot.test.mock.mockito has been deprecated and marked for removal
[WARNING] /C:/Users/mat-k/Desktop/Projekty/Java Project/safe-backup-project/backend/src/test/java/pl/matkmiec/backup/controller/AuthControllerTest.java:[35,6] org.springframework.boot.test.mock.mockito.MockBean in org.springframework.boot.test.mock.mockito has been deprecated and marked for removal
[WARNING] /C:/Users/mat-k/Desktop/Projekty/Java Project/safe-backup-project/backend/src/test/java/pl/matkmiec/backup/controller/AuthControllerTest.java:[35,6] org.springframework.boot.test.mock.mockito.MockBean in org.springframework.boot.test.mock.mockito has been deprecated and marked for removal
[WARNING] /C:/Users/mat-k/Desktop/Projekty/Java Project/safe-backup-project/backend/src/test/java/pl/matkmiec/backup/controller/AuthControllerTest.java:[35,6] org.springframework.boot.test.mock.mockito.MockBean in org.springframework.boot.test.mock.mockito has been deprecated and marked for removal
[WARNING] /C:/Users/mat-k/Desktop/Projekty/Java Project/safe-backup-project/backend/src/test/java/pl/matkmiec/backup/controller/AuthControllerTest.java:[35,6] org.springframework.boot.test.mock.mockito.MockBean in org.springframework.boot.test.mock.mockito has been deprecated and marked for removal
[WARNING] /C:/Users/mat-k/Desktop/Projekty/Java Project/safe-backup-project/backend/src/test/java/pl/matkmiec/backup/controller/AuthControllerTest.java:[38,6] org.springframework.boot.test.mock.mockito.MockBean in org.springframework.boot.test.mock.mockito has been deprecated and marked for removal
[WARNING] /C:/Users/mat-k/Desktop/Projekty/Java Project/safe-backup-project/backend/src/test/java/pl/matkmiec/backup/controller/AuthControllerTest.java:[38,6] org.springframework.boot.test.mock.mockito.MockBean in org.springframework.boot.test.mock.mockito has been deprecated and marked for removal
[WARNING] /C:/Users/mat-k/Desktop/Projekty/Java Project/safe-backup-project/backend/src/test/java/pl/matkmiec/backup/controller/AuthControllerTest.java:[38,6] org.springframework.boot.test.mock.mockito.MockBean in org.springframework.boot.test.mock.mockito has been deprecated and marked for removal
[WARNING] /C:/Users/mat-k/Desktop/Projekty/Java Project/safe-backup-project/backend/src/test/java/pl/matkmiec/backup/controller/AuthControllerTest.java:[38,6] org.springframework.boot.test.mock.mockito.MockBean in org.springframework.boot.test.mock.mockito has been deprecated and marked for removal
[WARNING] /C:/Users/mat-k/Desktop/Projekty/Java Project/safe-backup-project/backend/src/test/java/pl/matkmiec/backup/controller/AuthControllerTest.java:[38,6] org.springframework.boot.test.mock.mockito.MockBean in org.springframework.boot.test.mock.mockito has been deprecated and marked for removal
[WARNING] /C:/Users/mat-k/Desktop/Projekty/Java Project/safe-backup-project/backend/src/test/java/pl/matkmiec/backup/controller/BackupControllerTest.java:[45,6] org.springframework.boot.test.mock.mockito.MockBean in org.springframework.boot.test.mock.mockito has been deprecated and marked for removal
[WARNING] /C:/Users/mat-k/Desktop/Projekty/Java Project/safe-backup-project/backend/src/test/java/pl/matkmiec/backup/controller/BackupControllerTest.java:[45,6] org.springframework.boot.test.mock.mockito.MockBean in org.springframework.boot.test.mock.mockito has been deprecated and marked for removal
[WARNING] /C:/Users/mat-k/Desktop/Projekty/Java Project/safe-backup-project/backend/src/test/java/pl/matkmiec/backup/controller/BackupControllerTest.java:[45,6] org.springframework.boot.test.mock.mockito.MockBean in org.springframework.boot.test.mock.mockito has been deprecated and marked for removal
[WARNING] /C:/Users/mat-k/Desktop/Projekty/Java Project/safe-backup-project/backend/src/test/java/pl/matkmiec/backup/controller/BackupControllerTest.java:[45,6] org.springframework.boot.test.mock.mockito.MockBean in org.springframework.boot.test.mock.mockito has been deprecated and marked for removal
[WARNING] /C:/Users/mat-k/Desktop/Projekty/Java Project/safe-backup-project/backend/src/test/java/pl/matkmiec/backup/controller/BackupControllerTest.java:[45,6] org.springframework.boot.test.mock.mockito.MockBean in org.springframework.boot.test.mock.mockito has been deprecated and marked for removal
[WARNING] /C:/Users/mat-k/Desktop/Projekty/Java Project/safe-backup-project/backend/src/test/java/pl/matkmiec/backup/controller/BackupControllerTest.java:[48,6] org.springframework.boot.test.mock.mockito.MockBean in org.springframework.boot.test.mock.mockito has been deprecated and marked for removal
[WARNING] /C:/Users/mat-k/Desktop/Projekty/Java Project/safe-backup-project/backend/src/test/java/pl/matkmiec/backup/controller/BackupControllerTest.java:[48,6] org.springframework.boot.test.mock.mockito.MockBean in org.springframework.boot.test.mock.mockito has been deprecated and marked for removal
[WARNING] /C:/Users/mat-k/Desktop/Projekty/Java Project/safe-backup-project/backend/src/test/java/pl/matkmiec/backup/controller/BackupControllerTest.java:[48,6] org.springframework.boot.test.mock.mockito.MockBean in org.springframework.boot.test.mock.mockito has been deprecated and marked for removal
[WARNING] /C:/Users/mat-k/Desktop/Projekty/Java Project/safe-backup-project/backend/src/test/java/pl/matkmiec/backup/controller/BackupControllerTest.java:[48,6] org.springframework.boot.test.mock.mockito.MockBean in org.springframework.boot.test.mock.mockito has been deprecated and marked for removal
[WARNING] /C:/Users/mat-k/Desktop/Projekty/Java Project/safe-backup-project/backend/src/test/java/pl/matkmiec/backup/controller/BackupControllerTest.java:[48,6] org.springframework.boot.test.mock.mockito.MockBean in org.springframework.boot.test.mock.mockito has been deprecated and marked for removal
[INFO] ------------------------------------------------------------------------
[INFO] BUILD SUCCESS
[INFO] ------------------------------------------------------------------------
[INFO] Total time:  11.464 s
[INFO] Finished at: 2026-04-17T19:20:42+02:00
[INFO] ------------------------------------------------------------------------
